// Jest Snapshot v1, https://goo.gl/fbAQLP

exports[`<App /> should match snapshot 1`] = `
<DocumentFragment>
  <div
    class="sc-bczRLJ goEvZo"
  >
    <div
      class="sc-gsnTZi crwyPH"
    >
      <label
        data-testid="input-label"
        for="Custom Promotion (%)"
      >
        Custom Promotion (%)
      </label>
      <input
        class="sc-dkzDqf dTAKJn"
        id="Custom Promotion (%)"
        placeholder="Promotion"
        type="number"
        value="1"
      />
    </div>
    <div
      class="sc-hKMtZM cfGbOi"
    >
      <div
        class="sc-eCYdqJ jJsRIB"
      >
        <div
          class="sc-jSMfEi bxMzZs"
        >
          investment account
        </div>
        <div
          class="sc-jSMfEi bxMzZs"
        >
          annual interest rate
        </div>
        <div
          class="sc-jSMfEi bxMzZs"
        >
          annual interest value
        </div>
        <div
          class="sc-jSMfEi bxMzZs"
        >
          total balance
        </div>
        <div
          class="sc-jSMfEi bxMzZs"
        >
          total balance details
        </div>
        <div
          class="sc-jSMfEi bxMzZs"
        >
          total balance with interest value
        </div>
      </div>
      <div
        class="sc-eCYdqJ iFKJPl"
      >
        <div
          class="sc-jSMfEi bxMzZs"
        >
          TB1
        </div>
        <div
          class="sc-jSMfEi bxMzZs"
        >
          4.25%
        </div>
        <div
          class="sc-jSMfEi bxMzZs"
        >
          46.92850000000001
        </div>
        <div
          class="sc-jSMfEi bxMzZs"
        >
          1104.2
        </div>
        <div
          class="sc-jSMfEi bxMzZs"
        >
          300 + 84.2 + 720
        </div>
        <div
          class="sc-jSMfEi bxMzZs"
        >
          1151.1285
        </div>
      </div>
      <div
        class="sc-eCYdqJ iFKJPl"
      >
        <div
          class="sc-jSMfEi bxMzZs"
        >
          GBB
        </div>
        <div
          class="sc-jSMfEi bxMzZs"
        >
          4.05%
        </div>
        <div
          class="sc-jSMfEi bxMzZs"
        >
          29.41261065
        </div>
        <div
          class="sc-jSMfEi bxMzZs"
        >
          726.2373
        </div>
        <div
          class="sc-jSMfEi bxMzZs"
        >
          50.9999 + 5 + 170.2374 + 500
        </div>
        <div
          class="sc-jSMfEi bxMzZs"
        >
          755.64991065
        </div>
      </div>
      <div
        class="sc-eCYdqJ iFKJPl"
      >
        <div
          class="sc-jSMfEi bxMzZs"
        >
          MS1
        </div>
        <div
          class="sc-jSMfEi bxMzZs"
        >
          3.75%
        </div>
        <div
          class="sc-jSMfEi bxMzZs"
        >
          122.63625375000001
        </div>
        <div
          class="sc-jSMfEi bxMzZs"
        >
          3270.3001000000004
        </div>
        <div
          class="sc-jSMfEi bxMzZs"
        >
          2000 + 20 + 250.3 + 1000.0001
        </div>
        <div
          class="sc-jSMfEi bxMzZs"
        >
          3392.9363537500003
        </div>
      </div>
      <div
        class="sc-eCYdqJ iFKJPl"
      >
        <div
          class="sc-jSMfEi bxMzZs"
        >
          28D
        </div>
        <div
          class="sc-jSMfEi bxMzZs"
        >
          6.25%
        </div>
        <div
          class="sc-jSMfEi bxMzZs"
        >
          131.87569375
        </div>
        <div
          class="sc-jSMfEi bxMzZs"
        >
          2110.0111
        </div>
        <div
          class="sc-jSMfEi bxMzZs"
        >
          10 + 1000 + 0.0111 + 100 + 1000
        </div>
        <div
          class="sc-jSMfEi bxMzZs"
        >
          2241.8867937500004
        </div>
      </div>
      <div
        class="sc-eCYdqJ iFKJPl"
      >
        <div
          class="sc-jSMfEi bxMzZs"
        >
          RS1
        </div>
        <div
          class="sc-jSMfEi bxMzZs"
        >
          6.62% (5.62 + 1%)
        </div>
        <div
          class="sc-jSMfEi bxMzZs"
        >
          6740.06031338
        </div>
        <div
          class="sc-jSMfEi bxMzZs"
        >
          101813.5999
        </div>
        <div
          class="sc-jSMfEi bxMzZs"
        >
          92.5999 + 1 + 720 + 100000 + 1000
        </div>
        <div
          class="sc-jSMfEi bxMzZs"
        >
          108553.66021338
        </div>
      </div>
    </div>
  </div>
</DocumentFragment>
`;
